2025-06-23 17:01:00 | INFO | repo=pv243-2015-infinispan-seminar | action=commit
2025-08-16 09:57:00 | WARN | repo=pv243-2015-infinispan-seminar | action=commit
2025-08-10 08:45:00 | INFO | repo=pv243-2015-infinispan-seminar | action=commit
2025-10-18 17:58:00 | INFO | repo=pv243-2015-infinispan-seminar | action=commit
2025-05-20 15:55:00 | DEBUG | repo=pv243-2015-infinispan-seminar | action=test | passed=true
2025-02-21 13:20:00 | WARN | repo=pv243-2015-infinispan-seminar | action=commit
2025-02-12 13:42:00 | WARN | repo=pv243-2015-infinispan-seminar | action=commit
2025-05-15 09:10:00 | INFO | repo=pv243-2015-infinispan-seminar | action=commit
2025-10-13 08:04:00 | WARN | repo=pv243-2015-infinispan-seminar | action=commit
2025-12-22 13:23:00 | DEBUG | repo=pv243-2015-infinispan-seminar | action=commit
2025-11-01 08:55:00 | DEBUG | repo=pv243-2015-infinispan-seminar | action=commit
2025-12-14 14:51:00 | WARN | repo=pv243-2015-infinispan-seminar | action=commit
2025-07-26 11:31:00 | DEBUG | repo=pv243-2015-infinispan-seminar | action=commit
2025-09-22 07:53:00 | DEBUG | repo=pv243-2015-infinispan-seminar | action=commit
2025-03-17 13:37:00 | DEBUG | repo=pv243-2015-infinispan-seminar | action=commit
2025-08-09 20:57:00 | DEBUG | repo=pv243-2015-infinispan-seminar | action=edit | files=2
2025-03-16 15:40:00 | INFO | repo=pv243-2015-infinispan-seminar | action=commit
2025-10-23 18:06:00 | INFO | repo=pv243-2015-infinispan-seminar | action=test | passed=true
2025-09-14 15:50:00 | INFO | repo=pv243-2015-infinispan-seminar | action=commit
2025-11-04 17:31:00 | INFO | repo=pv243-2015-infinispan-seminar | action=pull
2025-06-21 19:07:00 | DEBUG | repo=pv243-2015-infinispan-seminar | action=commit
2025-08-06 07:27:00 | DEBUG | repo=pv243-2015-infinispan-seminar | action=test | passed=true
2025-02-19 19:14:00 | WARN | repo=pv243-2015-infinispan-seminar | action=commit
2025-12-25 17:47:00 | DEBUG | repo=pv243-2015-infinispan-seminar | action=commit
2025-11-18 11:55:00 | DEBUG | repo=pv243-2015-infinispan-seminar | action=commit
2025-05-18 19:56:00 | INFO | repo=pv243-2015-infinispan-seminar | action=pull
2025-06-07 12:52:00 | DEBUG | repo=pv243-2015-infinispan-seminar | action=commit
2025-02-26 10:07:00 | WARN | repo=pv243-2015-infinispan-seminar | action=commit
2025-02-02 12:43:00 | WARN | repo=pv243-2015-infinispan-seminar | action=commit
2025-12-22 13:20:00 | WARN | repo=pv243-2015-infinispan-seminar | action=pull
2025-12-21 12:34:00 | INFO | repo=pv243-2015-infinispan-seminar | action=commit
2025-04-10 08:28:00 | DEBUG | repo=pv243-2015-infinispan-seminar | action=commit
2025-03-08 12:39:00 | INFO | repo=pv243-2015-infinispan-seminar | action=commit
2025-09-24 10:47:00 | DEBUG | repo=pv243-2015-infinispan-seminar | action=commit
2025-03-28 08:37:00 | INFO | repo=pv243-2015-infinispan-seminar | action=commit
2025-07-17 12:52:00 | WARN | repo=pv243-2015-infinispan-seminar | action=commit
2025-12-21 21:20:00 | DEBUG | repo=pv243-2015-infinispan-seminar | action=commit
2025-06-08 13:11:00 | DEBUG | repo=pv243-2015-infinispan-seminar | action=commit
2025-11-12 09:08:00 | WARN | repo=pv243-2015-infinispan-seminar | action=commit
2025-04-26 07:40:00 | WARN | repo=pv243-2015-infinispan-seminar | action=commit
2025-03-25 20:50:00 | INFO | repo=pv243-2015-infinispan-seminar | action=commit
2025-06-13 09:44:00 | DEBUG | repo=pv243-2015-infinispan-seminar | action=pull
2025-06-25 14:19:00 | INFO | repo=pv243-2015-infinispan-seminar | action=commit
2025-12-27 11:52:00 | WARN | repo=pv243-2015-infinispan-seminar | action=commit
2025-01-15 17:08:00 | DEBUG | repo=pv243-2015-infinispan-seminar | action=pull
2025-01-22 16:36:00 | INFO | repo=pv243-2015-infinispan-seminar | action=commit
2025-01-03 08:39:00 | WARN | repo=pv243-2015-infinispan-seminar | action=commit
2025-02-24 16:24:00 | DEBUG | repo=pv243-2015-infinispan-seminar | action=commit
2025-11-05 17:42:00 | DEBUG | repo=pv243-2015-infinispan-seminar | action=commit
2025-04-04 21:31:00 | INFO | repo=pv243-2015-infinispan-seminar | action=commit
2025-10-04 12:05:00 | INFO | repo=pv243-2015-infinispan-seminar | action=commit
2025-03-02 20:39:00 | DEBUG | repo=pv243-2015-infinispan-seminar | action=commit
2025-07-01 19:29:00 | DEBUG | repo=pv243-2015-infinispan-seminar | action=commit
2025-12-18 08:18:00 | WARN | repo=pv243-2015-infinispan-seminar | action=commit
2025-07-24 12:29:00 | WARN | repo=pv243-2015-infinispan-seminar | action=commit
2025-11-25 21:03:00 | WARN | repo=pv243-2015-infinispan-seminar | action=commit
2025-02-24 11:52:00 | WARN | repo=pv243-2015-infinispan-seminar | action=commit
2025-07-09 19:17:00 | WARN | repo=pv243-2015-infinispan-seminar | action=commit
2025-01-08 11:10:00 | INFO | repo=pv243-2015-infinispan-seminar | action=commit
2025-02-18 10:39:00 | WARN | repo=pv243-2015-infinispan-seminar | action=pull
2025-08-18 07:47:00 | INFO | repo=pv243-2015-infinispan-seminar | action=commit
2025-05-04 19:55:00 | INFO | repo=pv243-2015-infinispan-seminar | action=commit
2025-06-23 18:57:00 | INFO | repo=pv243-2015-infinispan-seminar | action=test | passed=true
2025-05-28 08:04:00 | INFO | repo=pv243-2015-infinispan-seminar | action=commit
2025-11-10 19:11:00 | INFO | repo=pv243-2015-infinispan-seminar | action=commit
